// Jest Snapshot v1, https://goo.gl/fbAQLP

exports[`<MenuItem /> should render a a menu item with a link 1`] = `
<styled.li>
  <a
    href="www.google.com"
  >
    <styled.span>
      Test menu item
    </styled.span>
  </a>
</styled.li>
`;

exports[`<MenuItem /> should render a menu item as a submenu if it has children 1`] = `
<Collapsible
  className=""
  classParentString="Collapsible"
  contentInnerClassName=""
  contentOuterClassName=""
  easing="linear"
  lazyRender={false}
  onClose={[Function]}
  onClosing={[Function]}
  onOpen={[Function]}
  onOpening={[Function]}
  open={false}
  openedClassName=""
  overflowWhenOpen="hidden"
  tabIndex={null}
  transitionCloseTime={null}
  transitionTime={250}
  trigger={
    <styled.li
      className={undefined}
    >
      <a
        href="www.google.com"
      >
        <styled.span>
          <IntelliIcon
            type="clock"
          />
        </styled.span>
        <styled.span>
          Father
        </styled.span>
      </a>
    </styled.li>
  }
  triggerClassName=""
  triggerDisabled={false}
  triggerOpenedClassName=""
  triggerSibling={null}
  triggerStyle={null}
  triggerTagName="span"
>
  <styled.ul>
    <MenuItem
      icon={
        <IntelliIcon
          type="clock"
        />
      }
      label="Son"
      menuWrapperStyle="text"
      overflowWhenOpen="hidden"
      url="www.google.com"
    />
    <MenuItem
      icon={
        <IntelliIcon
          type="clock"
        />
      }
      label="Devil"
      menuWrapperStyle="text"
      overflowWhenOpen="hidden"
      url="www.google.com"
    />
  </styled.ul>
</Collapsible>
`;

exports[`<MenuItem /> should render a menu item which overflowWhenOpen prop is passed to the Collapsible component 1`] = `
<Collapsible
  className=""
  classParentString="Collapsible"
  contentInnerClassName=""
  contentOuterClassName=""
  easing="linear"
  lazyRender={false}
  onClose={[Function]}
  onClosing={[Function]}
  onOpen={[Function]}
  onOpening={[Function]}
  open={false}
  openedClassName=""
  overflowWhenOpen="visible"
  tabIndex={null}
  transitionCloseTime={null}
  transitionTime={250}
  trigger={
    <styled.li
      className={undefined}
    >
      <a
        href={undefined}
      >
        <styled.span>
          Test menu item
        </styled.span>
      </a>
    </styled.li>
  }
  triggerClassName=""
  triggerDisabled={false}
  triggerOpenedClassName=""
  triggerSibling={null}
  triggerStyle={null}
  triggerTagName="span"
>
  <styled.ul>
    Something
  </styled.ul>
</Collapsible>
`;

exports[`<MenuItem /> should render a menu item with Icon 1`] = `
<styled.li>
  <a
    href="www.google.com"
  >
    <styled.span>
      <IntelliIcon
        type="clock"
      />
    </styled.span>
    <styled.span>
      Test menu item
    </styled.span>
  </a>
</styled.li>
`;

exports[`<MenuItem /> should render a menu item with active state 1`] = `
<styled.li
  className="active"
>
  <a
    href="www.google.com"
  >
    <styled.span>
      Test menu item
    </styled.span>
  </a>
</styled.li>
`;

exports[`<MenuItem /> should render a menu item with loading state 1`] = `
<styled.li>
  <a
    href="www.google.com"
  >
    <styled.span>
      <IntelliIcon
        type="clock"
      />
    </styled.span>
    <styled.span>
      Test menu item
    </styled.span>
    <styled.span>
      <FontAwesomeIcon
        isSpinning={true}
        type="circle-o-notch"
      />
    </styled.span>
  </a>
</styled.li>
`;

exports[`<MenuItem /> should render a simple menu item 1`] = `
<styled.li>
  <a>
    <styled.span>
      Test menu item
    </styled.span>
  </a>
</styled.li>
`;
